=== 21:03:09 ===
--- ros2 node list ---
--- ros2 topic list ---
/actions
/battery_state
/beacon_data
/bumper_data
/clock
/cmd_audio
/cmd_lightring
/cmd_vel
/destinations
/diffdrive_controller/cmd_vel_unstamped
/diffdrive_controller/transition_event
/dock_status
/dynamic_joint_states
/fake_beacon_data
/hazard_detection
/imu
/interface_buttons
/intersection_detection
/ir_intensity
/ir_opcode
/joint_state_broadcaster/transition_event
/joint_states
/kidnap_status
/lidar_data
/link_states
/model_states
/mouse
/navigation
/odom
/parameter_events
/performance_metrics
/rf_signal
/robot_description
/rosout
/scan
/sim_ground_truth_dock_pose
/sim_ground_truth_pose
/slip_status
/stop_status
/tf
/tf_static
/wheel_status
/wheel_ticks
/wheel_vels
--- /destinations info ---
Type: std_msgs/msg/String
Publisher count: 1
Subscription count: 3
--- /destinations sample ---
data: Nicol:Canal
---
(no message)
--- /lidar_data info ---
Type: std_msgs/msg/String
Publisher count: 1
Subscription count: 5
--- /lidar_data sample ---
data: 1.2549837827682495:-0.00195893375239109:1.335951328277588:-1:-1
---
(no message)
--- /actions info ---
Type: std_msgs/msg/String
Publisher count: 4
Subscription count: 4
--- /actions sample ---
data: 1:NONE
---
--- /cmd_vel info ---
Type: geometry_msgs/msg/Twist
Publisher count: 2
Subscription count: 2
--- /cmd_vel sample ---
(no message)
--- /odom info ---
Type: nav_msgs/msg/Odometry
Publisher count: 1
Subscription count: 5
--- /odom sample ---
(no message)

=== 21:03:41 ===
--- /destinations info ---
Type: std_msgs/msg/String
Publisher count: 1
Subscription count: 4
--- /destinations sample ---
(no message)
--- /lidar_data info ---
Type: std_msgs/msg/String
Publisher count: 1
Subscription count: 5
--- /lidar_data sample ---
data: 1.006163239479065:-0.00195893375239109:1.0710986852645874:-1:3.0276525020599365
---
--- /actions info ---
Type: std_msgs/msg/String
Publisher count: 4
Subscription count: 4
--- /actions sample ---
data: 3:WALL_FOLLOW,0.4,-3.418984380767186e-05
---
(no message)
--- /cmd_vel info ---
Type: geometry_msgs/msg/Twist
Publisher count: 2
Subscription count: 2
--- /cmd_vel sample ---
linear:
  x: 0.4
  y: 0.0
  z: 0.0
angular:
  x: 0.0
  y: 0.0
  z: -3.418984380767186e-05
---
--- /odom info ---
Type: nav_msgs/msg/Odometry
Publisher count: 1
Subscription count: 5
--- /odom sample ---
(no message)

=== 21:04:05 ===
--- /destinations info ---
Type: std_msgs/msg/String
Publisher count: 1
Subscription count: 4
--- /destinations sample ---
(no message)
--- /lidar_data info ---
Type: std_msgs/msg/String
Publisher count: 1
Subscription count: 5
--- /lidar_data sample ---
data: 0.6236197352409363:-0.00195893375239109:0.6638660430908203:-1:-1
---
--- /actions info ---
Type: std_msgs/msg/String
Publisher count: 4
Subscription count: 4
--- /actions sample ---
data: 1:NONE
---
--- /cmd_vel info ---
Type: geometry_msgs/msg/Twist
Publisher count: 2
Subscription count: 2
--- /cmd_vel sample ---
(no message)
--- /odom info ---
Type: nav_msgs/msg/Odometry
Publisher count: 1
Subscription count: 5
--- /odom sample ---
(no message)

=== 21:04:29 ===
--- /destinations info ---
Type: std_msgs/msg/String
Publisher count: 1
Subscription count: 4
--- /destinations sample ---
(no message)
--- /lidar_data info ---
Type: std_msgs/msg/String
Publisher count: 1
Subscription count: 5
--- /lidar_data sample ---
data: 0.9888200163841248:-13.03788786923971:1.3535101413726807:-1:1.5142858028411865
---
--- /actions info ---
Type: std_msgs/msg/String
Publisher count: 4
Subscription count: 4
--- /actions sample ---
data: 1:NONE
---
(no message)
--- /cmd_vel info ---
Type: geometry_msgs/msg/Twist
Publisher count: 2
Subscription count: 2
--- /cmd_vel sample ---
(no message)
--- /odom info ---
Type: nav_msgs/msg/Odometry
Publisher count: 1
Subscription count: 5
--- /odom sample ---
(no message)

=== 21:04:54 ===
--- /destinations info ---
Type: std_msgs/msg/String
Publisher count: 1
Subscription count: 4
--- /destinations sample ---
data: Nicol:Canal
---
--- /lidar_data info ---
Type: std_msgs/msg/String
Publisher count: 1
Subscription count: 5
--- /lidar_data sample ---
data: 0.8736076354980469:59.66248504020882:-1:-1:-1
---
--- /actions info ---
Type: std_msgs/msg/String
Publisher count: 4
Subscription count: 4
--- /actions sample ---
data: 3:WALL_FOLLOW,0.2,1.0413068038735054
---
--- /cmd_vel info ---
Type: geometry_msgs/msg/Twist
Publisher count: 2
Subscription count: 2
--- /cmd_vel sample ---
linear:
  x: 0.2
  y: 0.0
  z: 0.0
angular:
  x: 0.0
  y: 0.0
  z: 0.0
---
--- /odom info ---
Type: nav_msgs/msg/Odometry
Publisher count: 1
Subscription count: 5
--- /odom sample ---
(no message)

=== 21:05:17 ===
--- /destinations info ---
Type: std_msgs/msg/String
Publisher count: 1
Subscription count: 4
--- /destinations sample ---
(no message)
--- /lidar_data info ---
Type: std_msgs/msg/String
Publisher count: 1
Subscription count: 5
--- /lidar_data sample ---
(no message)
--- /actions info ---
Type: std_msgs/msg/String
Publisher count: 4
Subscription count: 4
--- /actions sample ---
data: 1:NONE
---
--- /cmd_vel info ---
Type: geometry_msgs/msg/Twist
Publisher count: 2
Subscription count: 2
--- /cmd_vel sample ---
(no message)
--- /odom info ---
Type: nav_msgs/msg/Odometry
Publisher count: 1
Subscription count: 5
--- /odom sample ---
header:
  stamp:
    sec: 303
    nanosec: 893000000
  frame_id: odom
child_frame_id: base_link
pose:
  pose:
    position:
      x: 7.140376649536144
      y: -1.5685401972189263
      z: 0.0
    orientation:
      x: 0.0
      y: 0.0
      z: -0.9772717267923748
      w: 0.21199049981602902
  covariance:
  - 0.001
  - 0.0
  - 0.0
  - 0.0
  - 0.0
  - 0.0
  - 0.0
  - 0.001
  - 0.0
  - 0.0
  - 0.0
  - 0.0
  - 0.0
  - 0.0
  - 0.001
  - 0.0
  - 0.0
  - 0.0
  - 0.0
  - 0.0
  - 0.0
  - 0.001
  - 0.0
  - 0.0
  - 0.0
  - 0.0
  - 0.0
  - 0.0
  - 0.001
  - 0.0
  - 0.0
  - 0.0
  - 0.0
  - 0.0
  - 0.0
  - 0.01
twist:
  twist:
    linear:
      x: -1.1078604573041422e-07
      y: 0.0
      z: 0.0
    angular:
      x: 0.0
      y: 0.0
      z: 3.1362554321306605e-05
  covariance:
  - 0.001
  - 0.0
  - 0.0
  - 0.0
  - 0.0
  - 0.0
  - 0.0
  - 0.001
  - 0.0
  - 0.0
  - 0.0
  - 0.0
  - 0.0
  - 0.0
  - 0.001
  - 0.0
  - 0.0
  - 0.0
  - 0.0
  - 0.0
  - 0.0
  - 0.001
  - 0.0
  - 0.0
  - 0.0
  - 0.0
  - 0.0
  - 0.0
  - 0.001
  - 0.0
  - 0.0
  - 0.0
  - 0.0
  - 0.0
  - 0.0
  - 0.01
---

=== 21:05:40 ===
--- ros2 node list ---
WARNING: Be aware that there are nodes in the graph that share an exact name, which can have unintended side effects.
/avoidance_layer_AI
/beacon_sensor_AI
/bumper_plugin
/bumper_sensor
/captain
/cliff_front_left
/cliff_front_right
/cliff_side_left
/cliff_side_right
/controller_manager
/d0_6a_d2_02_42_eb
/dashboard_logger
/df_2b_70_a8_21_90
/diffdrive_controller
/dock_status_publisher
/docking_layer_AI
/e2_77_fc_f9_04_93
/e4_87_91_3d_1e_d7
/ea_2f_93_a6_98_20
/ee_16_86_9a_c2_a8
/fake_beacon_publisher
/fb_ef_5c_de_ef_e4
/fc_e2_2e_62_9b_3d
/gazebo
/gazebo_ros2_control
/gazebo_ros_p3d_dock
/gazebo_ros_p3d_robot
/gazebo_ros_state
/general_logger
/hazards_vector_publisher
/imu_plugin
/intersection_detection_unit
/ir_intensity_front_center_left
/ir_intensity_front_center_right
/ir_intensity_front_left
/ir_intensity_front_right
/ir_intensity_left
/ir_intensity_right
/ir_intensity_side_left
/ir_intensity_vector_publisher
/ir_omni_plugin
/joint_state_broadcaster
/joint_state_publisher
/joint_state_publisher
/kidnap_estimator_publisher
/laser_controller
/lidar_sensor_AI
/mock_publisher
/motion_control
/mouse_plugin
/navigation_unit_AI
/robot_state
/robot_state_publisher
/robot_state_publisher
/topic_logger
/travel_layer_AI
/turning_layer
/ui_mgr
/wheel_drop_left_plugin
/wheel_drop_right_plugin
/wheel_status_publisher
--- ros2 topic list ---
/actions
/battery_state
/beacon_data
/bumper_data
/clock
/cmd_audio
/cmd_lightring
/cmd_vel
/destinations
/diffdrive_controller/cmd_vel_unstamped
/diffdrive_controller/transition_event
/dock_status
/dynamic_joint_states
/fake_beacon_data
/hazard_detection
/imu
/interface_buttons
/intersection_detection
/ir_intensity
/ir_opcode
/joint_state_broadcaster/transition_event
/joint_states
/kidnap_status
/lidar_data
/link_states
/model_states
/mouse
/navigation
/odom
/parameter_events
/performance_metrics
/rf_signal
/robot_description
/rosout
/scan
/sim_ground_truth_dock_pose
/sim_ground_truth_pose
/slip_status
/stop_status
/tf
/tf_static
/wheel_status
/wheel_ticks
/wheel_vels
--- /destinations info ---
Type: std_msgs/msg/String
Publisher count: 2
Subscription count: 4
--- /destinations sample ---
(no message)
--- /lidar_data info ---
Type: std_msgs/msg/String
Publisher count: 1
Subscription count: 5
--- /lidar_data sample ---
data: 0.16914327442646027:23.061607644417478:0.16914327442646027:4.390938758850098:-1
---
--- /actions info ---
Type: std_msgs/msg/String
Publisher count: 4
Subscription count: 4
--- /actions sample ---
data: 1:NONE
---
--- /cmd_vel info ---
Type: geometry_msgs/msg/Twist
Publisher count: 2
Subscription count: 2
--- /cmd_vel sample ---
(no message)
--- /odom info ---
Type: nav_msgs/msg/Odometry
Publisher count: 1
Subscription count: 5
--- /odom sample ---
(no message)

=== 21:06:05 ===
--- /destinations info ---
Type: std_msgs/msg/String
Publisher count: 2
Subscription count: 4
--- /destinations sample ---
data: Nicol:Canal
---
--- /lidar_data info ---
Type: std_msgs/msg/String
Publisher count: 1
Subscription count: 5
--- /lidar_data sample ---
(no message)
--- /actions info ---
Type: std_msgs/msg/String
Publisher count: 4
Subscription count: 4
--- /actions sample ---
data: 2:NONE
---
--- /cmd_vel info ---
Type: geometry_msgs/msg/Twist
Publisher count: 2
Subscription count: 2
--- /cmd_vel sample ---
linear:
  x: 0.0
  y: 0.0
  z: 0.0
angular:
  x: 0.0
  y: 0.0
  z: 0.0
---
--- /odom info ---
Type: nav_msgs/msg/Odometry
Publisher count: 1
Subscription count: 5
--- /odom sample ---
(no message)

=== 21:06:27 ===
--- /destinations info ---
Type: std_msgs/msg/String
Publisher count: 1
Subscription count: 4
--- /destinations sample ---
data: Nicol:Canal
---
--- /lidar_data info ---
Type: std_msgs/msg/String
Publisher count: 1
Subscription count: 5
--- /lidar_data sample ---
data: 0.16926729679107666:22.560225762283352:0.16926729679107666:4.455138683319092:-1
---
--- /actions info ---
Type: std_msgs/msg/String
Publisher count: 4
Subscription count: 4
--- /actions sample ---
data: 2:NONE
---
--- /cmd_vel info ---
Type: geometry_msgs/msg/Twist
Publisher count: 2
Subscription count: 2
--- /cmd_vel sample ---
(no message)
--- /odom info ---
Type: nav_msgs/msg/Odometry
Publisher count: 1
Subscription count: 5
--- /odom sample ---
header:
  stamp:
    sec: 353
    nanosec: 506000000
  frame_id: odom
child_frame_id: base_link
pose:
  pose:
    position:
      x: 7.140378498184384
      y: -1.568539358443211
      z: 0.0
    orientation:
      x: 0.0
      y: 0.0
      z: -0.977126713536809
      w: 0.21265790766570306
  covariance:
  - 0.001
  - 0.0
  - 0.0
  - 0.0
  - 0.0
  - 0.0
  - 0.0
  - 0.001
  - 0.0
  - 0.0
  - 0.0
  - 0.0
  - 0.0
  - 0.0
  - 0.001
  - 0.0
  - 0.0
  - 0.0
  - 0.0
  - 0.0
  - 0.0
  - 0.001
  - 0.0
  - 0.0
  - 0.0
  - 0.0
  - 0.0
  - 0.0
  - 0.001
  - 0.0
  - 0.0
  - 0.0
  - 0.0
  - 0.0
  - 0.0
  - 0.01
twist:
  twist:
    linear:
      x: 6.872227358987235e-08
      y: 0.0
      z: 0.0
    angular:
      x: 0.0
      y: 0.0
      z: 4.0835546668944654e-05
  covariance:
  - 0.001
  - 0.0
  - 0.0
  - 0.0
  - 0.0
  - 0.0
  - 0.0
  - 0.001
  - 0.0
  - 0.0
  - 0.0
  - 0.0
  - 0.0
  - 0.0
  - 0.001
  - 0.0
  - 0.0
  - 0.0
  - 0.0
  - 0.0
  - 0.0
  - 0.001
  - 0.0
  - 0.0
  - 0.0
  - 0.0
  - 0.0
  - 0.0
  - 0.001
  - 0.0
  - 0.0
  - 0.0
  - 0.0
  - 0.0
  - 0.0
  - 0.01
---

=== 21:06:50 ===
--- /destinations info ---
Type: std_msgs/msg/String
Publisher count: 1
Subscription count: 4
--- /destinations sample ---
data: Nicol:Canal
---
(no message)
--- /lidar_data info ---
Type: std_msgs/msg/String
Publisher count: 1
Subscription count: 5
--- /lidar_data sample ---
(no message)
--- /actions info ---
Type: std_msgs/msg/String
Publisher count: 4
Subscription count: 4
--- /actions sample ---
data: 1:NONE
---
--- /cmd_vel info ---
Type: geometry_msgs/msg/Twist
Publisher count: 2
Subscription count: 2
--- /cmd_vel sample ---
(no message)
--- /odom info ---
Type: nav_msgs/msg/Odometry
Publisher count: 1
Subscription count: 5
--- /odom sample ---
(no message)

=== 21:07:14 ===
--- /destinations info ---
Type: std_msgs/msg/String
Publisher count: 1
Subscription count: 4
--- /destinations sample ---
(no message)
--- /lidar_data info ---
Type: std_msgs/msg/String
Publisher count: 1
Subscription count: 5
--- /lidar_data sample ---
(no message)
--- /actions info ---
Type: std_msgs/msg/String
Publisher count: 4
Subscription count: 3
--- /actions sample ---
data: 2:NONE
---
--- /cmd_vel info ---
Type: geometry_msgs/msg/Twist
Publisher count: 2
Subscription count: 2
--- /cmd_vel sample ---
linear:
  x: 0.0
  y: 0.0
  z: 0.0
angular:
  x: 0.0
  y: 0.0
  z: 0.0
---
(no message)
--- /odom info ---
Type: nav_msgs/msg/Odometry
Publisher count: 1
Subscription count: 5
--- /odom sample ---
(no message)

=== 21:07:37 ===
--- /destinations info ---
Type: std_msgs/msg/String
Publisher count: 1
Subscription count: 4
--- /destinations sample ---
(no message)
--- /lidar_data info ---
Type: std_msgs/msg/String
Publisher count: 1
Subscription count: 5
--- /lidar_data sample ---
data: 0.16907113790512085:22.560225762283352:0.16907113790512085:4.586422920227051:-1
---
(no message)
--- /actions info ---
Type: std_msgs/msg/String
Publisher count: 4
Subscription count: 3
--- /actions sample ---
(no message)
--- /cmd_vel info ---
Type: geometry_msgs/msg/Twist
Publisher count: 2
Subscription count: 2
--- /cmd_vel sample ---
(no message)
--- /odom info ---
Type: nav_msgs/msg/Odometry
Publisher count: 1
Subscription count: 5
--- /odom sample ---
(no message)

=== 21:08:01 ===
--- ros2 node list ---
WARNING: Be aware that there are nodes in the graph that share an exact name, which can have unintended side effects.
/avoidance_layer_AI
/beacon_sensor_AI
/bumper_plugin
/bumper_sensor
/captain
/cliff_front_left
/cliff_front_right
/cliff_side_left
/cliff_side_right
/controller_manager
/d0_6a_d2_02_42_eb
/df_2b_70_a8_21_90
/diffdrive_controller
/dock_status_publisher
/docking_layer_AI
/e2_77_fc_f9_04_93
/e4_87_91_3d_1e_d7
/ea_2f_93_a6_98_20
/ee_16_86_9a_c2_a8
/fake_beacon_publisher
/fb_ef_5c_de_ef_e4
/fc_e2_2e_62_9b_3d
/gazebo
/gazebo_ros2_control
/gazebo_ros_p3d_dock
/gazebo_ros_p3d_robot
/gazebo_ros_state
/general_logger
/hazards_vector_publisher
/imu_plugin
/intersection_detection_unit
/ir_intensity_front_center_left
/ir_intensity_front_center_right
/ir_intensity_front_left
/ir_intensity_front_right
/ir_intensity_left
/ir_intensity_right
/ir_intensity_side_left
/ir_intensity_vector_publisher
/ir_omni_plugin
/joint_state_broadcaster
/joint_state_publisher
/joint_state_publisher
/kidnap_estimator_publisher
/laser_controller
/lidar_sensor_AI
/mock_publisher
/motion_control
/mouse_plugin
/navigation_unit_AI
/robot_state
/robot_state_publisher
/robot_state_publisher
/topic_logger
/travel_layer_AI
/turning_layer
/ui_mgr
/wheel_drop_left_plugin
/wheel_drop_right_plugin
/wheel_status_publisher
--- ros2 topic list ---
/actions
/battery_state
/beacon_data
/bumper_data
/clock
/cmd_audio
/cmd_lightring
/cmd_vel
/destinations
/diffdrive_controller/cmd_vel_unstamped
/diffdrive_controller/transition_event
/dock_status
/dynamic_joint_states
/fake_beacon_data
/hazard_detection
/imu
/interface_buttons
/intersection_detection
/ir_intensity
/ir_opcode
/joint_state_broadcaster/transition_event
/joint_states
/kidnap_status
/lidar_data
/link_states
/model_states
/mouse
/navigation
/odom
/parameter_events
/performance_metrics
/rf_signal
/robot_description
/rosout
/scan
/sim_ground_truth_dock_pose
/sim_ground_truth_pose
/slip_status
/stop_status
/tf
/tf_static
/wheel_status
/wheel_ticks
/wheel_vels
--- /destinations info ---
Type: std_msgs/msg/String
Publisher count: 1
Subscription count: 4
--- /destinations sample ---
(no message)
--- /lidar_data info ---
Type: std_msgs/msg/String
Publisher count: 1
Subscription count: 5
--- /lidar_data sample ---
data: 0.16898846626281738:22.560225762283352:0.16898846626281738:4.63585901260376:-1
---
--- /actions info ---
Type: std_msgs/msg/String
Publisher count: 4
Subscription count: 3
--- /actions sample ---
