[INFO] [launch]: All log files can be found below /root/.ros/log/2026-04-09-00-18-45-360052-23be34bad9d9-606
[INFO] [launch]: Default logging verbosity is set to INFO
[INFO] [joint_state_publisher-1]: process started with pid [609]
[INFO] [robot_state_publisher-2]: process started with pid [611]
[robot_state_publisher-2] [WARN] [1775708325.770268342] [kdl_parser]: The root link base_link has an inertia specified in the URDF, but KDL does not support a root link with an inertia.  As a workaround, you can add an extra dummy link to your URDF.
[robot_state_publisher-2] [INFO] [1775708325.770463005] [robot_state_publisher]: got segment base_link
[robot_state_publisher-2] [INFO] [1775708325.770542573] [robot_state_publisher]: got segment bump_front_center
[robot_state_publisher-2] [INFO] [1775708325.770551179] [robot_state_publisher]: got segment bump_front_left
[robot_state_publisher-2] [INFO] [1775708325.770558142] [robot_state_publisher]: got segment bump_front_right
[robot_state_publisher-2] [INFO] [1775708325.770564774] [robot_state_publisher]: got segment bump_left
[robot_state_publisher-2] [INFO] [1775708325.770571347] [robot_state_publisher]: got segment bump_right
[robot_state_publisher-2] [INFO] [1775708325.770578109] [robot_state_publisher]: got segment bumper
[robot_state_publisher-2] [INFO] [1775708325.770584812] [robot_state_publisher]: got segment button_1
[robot_state_publisher-2] [INFO] [1775708325.770591584] [robot_state_publisher]: got segment button_2
[robot_state_publisher-2] [INFO] [1775708325.770598127] [robot_state_publisher]: got segment button_power
[robot_state_publisher-2] [INFO] [1775708325.770604959] [robot_state_publisher]: got segment camera_link
[robot_state_publisher-2] [INFO] [1775708325.770611592] [robot_state_publisher]: got segment camera_link_optical
[robot_state_publisher-2] [INFO] [1775708325.770618174] [robot_state_publisher]: got segment cliff_front_left
[robot_state_publisher-2] [INFO] [1775708325.770624826] [robot_state_publisher]: got segment cliff_front_right
[robot_state_publisher-2] [INFO] [1775708325.770631629] [robot_state_publisher]: got segment cliff_side_left
[robot_state_publisher-2] [INFO] [1775708325.770638141] [robot_state_publisher]: got segment cliff_side_right
[robot_state_publisher-2] [INFO] [1775708325.770644734] [robot_state_publisher]: got segment front_caster_link
[robot_state_publisher-2] [INFO] [1775708325.770651075] [robot_state_publisher]: got segment imu_link
[robot_state_publisher-2] [INFO] [1775708325.770657898] [robot_state_publisher]: got segment ir_intensity_front_center_left
[robot_state_publisher-2] [INFO] [1775708325.770664931] [robot_state_publisher]: got segment ir_intensity_front_center_right
[robot_state_publisher-2] [INFO] [1775708325.770671553] [robot_state_publisher]: got segment ir_intensity_front_left
[robot_state_publisher-2] [INFO] [1775708325.770678166] [robot_state_publisher]: got segment ir_intensity_front_right
[robot_state_publisher-2] [INFO] [1775708325.770684929] [robot_state_publisher]: got segment ir_intensity_left
[robot_state_publisher-2] [INFO] [1775708325.770691461] [robot_state_publisher]: got segment ir_intensity_right
[robot_state_publisher-2] [INFO] [1775708325.770697943] [robot_state_publisher]: got segment ir_intensity_side_left
[robot_state_publisher-2] [INFO] [1775708325.770704795] [robot_state_publisher]: got segment ir_omni
[robot_state_publisher-2] [INFO] [1775708325.770711568] [robot_state_publisher]: got segment left_wheel
[robot_state_publisher-2] [INFO] [1775708325.770718090] [robot_state_publisher]: got segment lidar_frame
[robot_state_publisher-2] [INFO] [1775708325.770724663] [robot_state_publisher]: got segment mouse
[robot_state_publisher-2] [INFO] [1775708325.770731235] [robot_state_publisher]: got segment right_wheel
[robot_state_publisher-2] [INFO] [1775708325.770737987] [robot_state_publisher]: got segment wheel_drop_left
[robot_state_publisher-2] [INFO] [1775708325.770744399] [robot_state_publisher]: got segment wheel_drop_right
[joint_state_publisher-1] [INFO] [1775708326.026868799] [joint_state_publisher]: Waiting for robot_description to be published on the robot_description topic...
